Archive member included to satisfy reference by file (symbol)

c:/program files (x86)/atmel/studio/7.0/toolchain/avr8/avr8-gnu-toolchain/bin/../lib/gcc/avr/5.4.0/avr25\libgcc.a(_exit.o)
                              C:/Program Files (x86)/Atmel/Studio/7.0/Packs/atmel/ATtiny_DFP/2.0.368/gcc/dev/attiny85/avr25/crtattiny85.o (exit)
c:/program files (x86)/atmel/studio/7.0/toolchain/avr8/avr8-gnu-toolchain/bin/../lib/gcc/avr/5.4.0/avr25\libgcc.a(_copy_data.o)
                              main.o (__do_copy_data)
c:/program files (x86)/atmel/studio/7.0/toolchain/avr8/avr8-gnu-toolchain/bin/../lib/gcc/avr/5.4.0/avr25\libgcc.a(_clear_bss.o)
                              main.o (__do_clear_bss)
c:/program files (x86)/atmel/studio/7.0/toolchain/avr8/avr8-gnu-toolchain/bin/../lib/gcc/avr/5.4.0/avr25\libgcc.a(_ctors.o)
                              main.o (__do_global_ctors)
c:/program files (x86)/atmel/studio/7.0/toolchain/avr8/avr8-gnu-toolchain/bin/../lib/gcc/avr/5.4.0/avr25\libgcc.a(_tablejump2.o)
                              c:/program files (x86)/atmel/studio/7.0/toolchain/avr8/avr8-gnu-toolchain/bin/../lib/gcc/avr/5.4.0/avr25\libgcc.a(_ctors.o) (__tablejump2__)
c:/program files (x86)/atmel/studio/7.0/toolchain/avr8/avr8-gnu-toolchain/bin/../lib/gcc/avr/5.4.0/../../../../avr/lib/avr25\libc.a(malloc.o)
                              utility/GLOBAL.o (malloc)
c:/program files (x86)/atmel/studio/7.0/toolchain/avr8/avr8-gnu-toolchain/bin/../lib/gcc/avr/5.4.0/../../../../avr/lib/avr25\libc.a(strncpy.o)
                              stateMachine_OOP/State.o (strncpy)

Allocating common symbols
Common symbol       size              file

__brkval            0x2               c:/program files (x86)/atmel/studio/7.0/toolchain/avr8/avr8-gnu-toolchain/bin/../lib/gcc/avr/5.4.0/../../../../avr/lib/avr25\libc.a(malloc.o)
__flp               0x2               c:/program files (x86)/atmel/studio/7.0/toolchain/avr8/avr8-gnu-toolchain/bin/../lib/gcc/avr/5.4.0/../../../../avr/lib/avr25\libc.a(malloc.o)

Discarded input sections

 .data          0x00000000        0x0 C:/Program Files (x86)/Atmel/Studio/7.0/Packs/atmel/ATtiny_DFP/2.0.368/gcc/dev/attiny85/avr25/crtattiny85.o
 .bss           0x00000000        0x0 C:/Program Files (x86)/Atmel/Studio/7.0/Packs/atmel/ATtiny_DFP/2.0.368/gcc/dev/attiny85/avr25/crtattiny85.o
 .text          0x00000000        0x0 driver_isr.o
 .data          0x00000000        0x0 driver_isr.o
 .bss           0x00000000        0x0 driver_isr.o
 .text          0x00000000        0x0 main.o
 .data          0x00000000        0x0 main.o
 .bss           0x00000000        0x0 main.o
 .text._Z5out_0v
                0x00000000        0x8 main.o
 .text          0x00000000        0x0 source/driver_init.o
 .data          0x00000000        0x0 source/driver_init.o
 .bss           0x00000000        0x0 source/driver_init.o
 .text          0x00000000        0x0 source/tmr1.o
 .data          0x00000000        0x0 source/tmr1.o
 .bss           0x00000000        0x0 source/tmr1.o
 .text._Z14TMR1_Interruptv
                0x00000000        0x2 source/tmr1.o
 .text          0x00000000        0x0 stateMachine_OOP/Connection.o
 .data          0x00000000        0x0 stateMachine_OOP/Connection.o
 .bss           0x00000000        0x0 stateMachine_OOP/Connection.o
 .text          0x00000000        0x0 stateMachine_OOP/State.o
 .data          0x00000000        0x0 stateMachine_OOP/State.o
 .bss           0x00000000        0x0 stateMachine_OOP/State.o
 .text          0x00000000        0x0 stateMachine_OOP/StateMachine.o
 .data          0x00000000        0x0 stateMachine_OOP/StateMachine.o
 .bss           0x00000000        0x0 stateMachine_OOP/StateMachine.o
 .text          0x00000000        0x0 stateMachine_OOP/Transaction.o
 .data          0x00000000        0x0 stateMachine_OOP/Transaction.o
 .bss           0x00000000        0x0 stateMachine_OOP/Transaction.o
 .text          0x00000000        0x0 utility/GLOBAL.o
 .data          0x00000000        0x0 utility/GLOBAL.o
 .bss           0x00000000        0x0 utility/GLOBAL.o
 .text._Znwj    0x00000000        0x4 utility/GLOBAL.o
 .text._Znaj    0x00000000        0x4 utility/GLOBAL.o
 .text._ZdlPv   0x00000000        0x4 utility/GLOBAL.o
 .text._ZdaPv   0x00000000        0x4 utility/GLOBAL.o
 .text._ZdlPvj  0x00000000        0x4 utility/GLOBAL.o
 .text._ZdaPvj  0x00000000        0x4 utility/GLOBAL.o
 .text.__cxa_guard_acquire
                0x00000000       0x12 utility/GLOBAL.o
 .text.__cxa_guard_release
                0x00000000        0x8 utility/GLOBAL.o
 .text.__cxa_guard_abort
                0x00000000        0x2 utility/GLOBAL.o
 .text.__cxa_pure_virtual
                0x00000000        0x2 utility/GLOBAL.o
 .debug_info    0x00000000      0x2ea utility/GLOBAL.o
 .debug_abbrev  0x00000000      0x12f utility/GLOBAL.o
 .debug_loc     0x00000000      0x10c utility/GLOBAL.o
 .debug_aranges
                0x00000000       0x68 utility/GLOBAL.o
 .debug_ranges  0x00000000       0x58 utility/GLOBAL.o
 .debug_line    0x00000000      0x1e1 utility/GLOBAL.o
 .debug_str     0x00000000      0x2d9 utility/GLOBAL.o
 .comment       0x00000000       0x31 utility/GLOBAL.o
 .debug_frame   0x00000000       0xb4 utility/GLOBAL.o
 .text          0x00000000        0x0 c:/program files (x86)/atmel/studio/7.0/toolchain/avr8/avr8-gnu-toolchain/bin/../lib/gcc/avr/5.4.0/avr25\libgcc.a(_exit.o)
 .data          0x00000000        0x0 c:/program files (x86)/atmel/studio/7.0/toolchain/avr8/avr8-gnu-toolchain/bin/../lib/gcc/avr/5.4.0/avr25\libgcc.a(_exit.o)
 .bss           0x00000000        0x0 c:/program files (x86)/atmel/studio/7.0/toolchain/avr8/avr8-gnu-toolchain/bin/../lib/gcc/avr/5.4.0/avr25\libgcc.a(_exit.o)
 .text.libgcc.mul
                0x00000000        0x0 c:/program files (x86)/atmel/studio/7.0/toolchain/avr8/avr8-gnu-toolchain/bin/../lib/gcc/avr/5.4.0/avr25\libgcc.a(_exit.o)
 .text.libgcc.div
                0x00000000        0x0 c:/program files (x86)/atmel/studio/7.0/toolchain/avr8/avr8-gnu-toolchain/bin/../lib/gcc/avr/5.4.0/avr25\libgcc.a(_exit.o)
 .text.libgcc   0x00000000        0x0 c:/program files (x86)/atmel/studio/7.0/toolchain/avr8/avr8-gnu-toolchain/bin/../lib/gcc/avr/5.4.0/avr25\libgcc.a(_exit.o)
 .text.libgcc.prologue
                0x00000000        0x0 c:/program files (x86)/atmel/studio/7.0/toolchain/avr8/avr8-gnu-toolchain/bin/../lib/gcc/avr/5.4.0/avr25\libgcc.a(_exit.o)
 .text.libgcc.builtins
                0x00000000        0x0 c:/program files (x86)/atmel/studio/7.0/toolchain/avr8/avr8-gnu-toolchain/bin/../lib/gcc/avr/5.4.0/avr25\libgcc.a(_exit.o)
 .text.libgcc.fmul
                0x00000000        0x0 c:/program files (x86)/atmel/studio/7.0/toolchain/avr8/avr8-gnu-toolchain/bin/../lib/gcc/avr/5.4.0/avr25\libgcc.a(_exit.o)
 .text.libgcc.fixed
                0x00000000        0x0 c:/program files (x86)/atmel/studio/7.0/toolchain/avr8/avr8-gnu-toolchain/bin/../lib/gcc/avr/5.4.0/avr25\libgcc.a(_exit.o)
 .text          0x00000000        0x0 c:/program files (x86)/atmel/studio/7.0/toolchain/avr8/avr8-gnu-toolchain/bin/../lib/gcc/avr/5.4.0/avr25\libgcc.a(_copy_data.o)
 .data          0x00000000        0x0 c:/program files (x86)/atmel/studio/7.0/toolchain/avr8/avr8-gnu-toolchain/bin/../lib/gcc/avr/5.4.0/avr25\libgcc.a(_copy_data.o)
 .bss           0x00000000        0x0 c:/program files (x86)/atmel/studio/7.0/toolchain/avr8/avr8-gnu-toolchain/bin/../lib/gcc/avr/5.4.0/avr25\libgcc.a(_copy_data.o)
 .text.libgcc.mul
                0x00000000        0x0 c:/program files (x86)/atmel/studio/7.0/toolchain/avr8/avr8-gnu-toolchain/bin/../lib/gcc/avr/5.4.0/avr25\libgcc.a(_copy_data.o)
 .text.libgcc.div
                0x00000000        0x0 c:/program files (x86)/atmel/studio/7.0/toolchain/avr8/avr8-gnu-toolchain/bin/../lib/gcc/avr/5.4.0/avr25\libgcc.a(_copy_data.o)
 .text.libgcc   0x00000000        0x0 c:/program files (x86)/atmel/studio/7.0/toolchain/avr8/avr8-gnu-toolchain/bin/../lib/gcc/avr/5.4.0/avr25\libgcc.a(_copy_data.o)
 .text.libgcc.prologue
                0x00000000        0x0 c:/program files (x86)/atmel/studio/7.0/toolchain/avr8/avr8-gnu-toolchain/bin/../lib/gcc/avr/5.4.0/avr25\libgcc.a(_copy_data.o)
 .text.libgcc.builtins
                0x00000000        0x0 c:/program files (x86)/atmel/studio/7.0/toolchain/avr8/avr8-gnu-toolchain/bin/../lib/gcc/avr/5.4.0/avr25\libgcc.a(_copy_data.o)
 .text.libgcc.fmul
                0x00000000        0x0 c:/program files (x86)/atmel/studio/7.0/toolchain/avr8/avr8-gnu-toolchain/bin/../lib/gcc/avr/5.4.0/avr25\libgcc.a(_copy_data.o)
 .text.libgcc.fixed
                0x00000000        0x0 c:/program files (x86)/atmel/studio/7.0/toolchain/avr8/avr8-gnu-toolchain/bin/../lib/gcc/avr/5.4.0/avr25\libgcc.a(_copy_data.o)
 .text          0x00000000        0x0 c:/program files (x86)/atmel/studio/7.0/toolchain/avr8/avr8-gnu-toolchain/bin/../lib/gcc/avr/5.4.0/avr25\libgcc.a(_clear_bss.o)
 .data          0x00000000        0x0 c:/program files (x86)/atmel/studio/7.0/toolchain/avr8/avr8-gnu-toolchain/bin/../lib/gcc/avr/5.4.0/avr25\libgcc.a(_clear_bss.o)
 .bss           0x00000000        0x0 c:/program files (x86)/atmel/studio/7.0/toolchain/avr8/avr8-gnu-toolchain/bin/../lib/gcc/avr/5.4.0/avr25\libgcc.a(_clear_bss.o)
 .text.libgcc.mul
                0x00000000        0x0 c:/program files (x86)/atmel/studio/7.0/toolchain/avr8/avr8-gnu-toolchain/bin/../lib/gcc/avr/5.4.0/avr25\libgcc.a(_clear_bss.o)
 .text.libgcc.div
                0x00000000        0x0 c:/program files (x86)/atmel/studio/7.0/toolchain/avr8/avr8-gnu-toolchain/bin/../lib/gcc/avr/5.4.0/avr25\libgcc.a(_clear_bss.o)
 .text.libgcc   0x00000000        0x0 c:/program files (x86)/atmel/studio/7.0/toolchain/avr8/avr8-gnu-toolchain/bin/../lib/gcc/avr/5.4.0/avr25\libgcc.a(_clear_bss.o)
 .text.libgcc.prologue
                0x00000000        0x0 c:/program files (x86)/atmel/studio/7.0/toolchain/avr8/avr8-gnu-toolchain/bin/../lib/gcc/avr/5.4.0/avr25\libgcc.a(_clear_bss.o)
 .text.libgcc.builtins
                0x00000000        0x0 c:/program files (x86)/atmel/studio/7.0/toolchain/avr8/avr8-gnu-toolchain/bin/../lib/gcc/avr/5.4.0/avr25\libgcc.a(_clear_bss.o)
 .text.libgcc.fmul
                0x00000000        0x0 c:/program files (x86)/atmel/studio/7.0/toolchain/avr8/avr8-gnu-toolchain/bin/../lib/gcc/avr/5.4.0/avr25\libgcc.a(_clear_bss.o)
 .text.libgcc.fixed
                0x00000000        0x0 c:/program files (x86)/atmel/studio/7.0/toolchain/avr8/avr8-gnu-toolchain/bin/../lib/gcc/avr/5.4.0/avr25\libgcc.a(_clear_bss.o)
 .text          0x00000000        0x0 c:/program files (x86)/atmel/studio/7.0/toolchain/avr8/avr8-gnu-toolchain/bin/../lib/gcc/avr/5.4.0/avr25\libgcc.a(_ctors.o)
 .data          0x00000000        0x0 c:/program files (x86)/atmel/studio/7.0/toolchain/avr8/avr8-gnu-toolchain/bin/../lib/gcc/avr/5.4.0/avr25\libgcc.a(_ctors.o)
 .bss           0x00000000        0x0 c:/program files (x86)/atmel/studio/7.0/toolchain/avr8/avr8-gnu-toolchain/bin/../lib/gcc/avr/5.4.0/avr25\libgcc.a(_ctors.o)
 .text.libgcc.mul
                0x00000000        0x0 c:/program files (x86)/atmel/studio/7.0/toolchain/avr8/avr8-gnu-toolchain/bin/../lib/gcc/avr/5.4.0/avr25\libgcc.a(_ctors.o)
 .text.libgcc.div
                0x00000000        0x0 c:/program files (x86)/atmel/studio/7.0/toolchain/avr8/avr8-gnu-toolchain/bin/../lib/gcc/avr/5.4.0/avr25\libgcc.a(_ctors.o)
 .text.libgcc   0x00000000        0x0 c:/program files (x86)/atmel/studio/7.0/toolchain/avr8/avr8-gnu-toolchain/bin/../lib/gcc/avr/5.4.0/avr25\libgcc.a(_ctors.o)
 .text.libgcc.prologue
                0x00000000        0x0 c:/program files (x86)/atmel/studio/7.0/toolchain/avr8/avr8-gnu-toolchain/bin/../lib/gcc/avr/5.4.0/avr25\libgcc.a(_ctors.o)
 .text.libgcc.builtins
                0x00000000        0x0 c:/program files (x86)/atmel/studio/7.0/toolchain/avr8/avr8-gnu-toolchain/bin/../lib/gcc/avr/5.4.0/avr25\libgcc.a(_ctors.o)
 .text.libgcc.fmul
                0x00000000        0x0 c:/program files (x86)/atmel/studio/7.0/toolchain/avr8/avr8-gnu-toolchain/bin/../lib/gcc/avr/5.4.0/avr25\libgcc.a(_ctors.o)
 .text.libgcc.fixed
                0x00000000        0x0 c:/program files (x86)/atmel/studio/7.0/toolchain/avr8/avr8-gnu-toolchain/bin/../lib/gcc/avr/5.4.0/avr25\libgcc.a(_ctors.o)
 .text          0x00000000        0x0 c:/program files (x86)/atmel/studio/7.0/toolchain/avr8/avr8-gnu-toolchain/bin/../lib/gcc/avr/5.4.0/avr25\libgcc.a(_tablejump2.o)
 .data          0x00000000        0x0 c:/program files (x86)/atmel/studio/7.0/toolchain/avr8/avr8-gnu-toolchain/bin/../lib/gcc/avr/5.4.0/avr25\libgcc.a(_tablejump2.o)
 .bss           0x00000000        0x0 c:/program files (x86)/atmel/studio/7.0/toolchain/avr8/avr8-gnu-toolchain/bin/../lib/gcc/avr/5.4.0/avr25\libgcc.a(_tablejump2.o)
 .text.libgcc.mul
                0x00000000        0x0 c:/program files (x86)/atmel/studio/7.0/toolchain/avr8/avr8-gnu-toolchain/bin/../lib/gcc/avr/5.4.0/avr25\libgcc.a(_tablejump2.o)
 .text.libgcc.div
                0x00000000        0x0 c:/program files (x86)/atmel/studio/7.0/toolchain/avr8/avr8-gnu-toolchain/bin/../lib/gcc/avr/5.4.0/avr25\libgcc.a(_tablejump2.o)
 .text.libgcc.prologue
                0x00000000        0x0 c:/program files (x86)/atmel/studio/7.0/toolchain/avr8/avr8-gnu-toolchain/bin/../lib/gcc/avr/5.4.0/avr25\libgcc.a(_tablejump2.o)
 .text.libgcc.builtins
                0x00000000        0x0 c:/program files (x86)/atmel/studio/7.0/toolchain/avr8/avr8-gnu-toolchain/bin/../lib/gcc/avr/5.4.0/avr25\libgcc.a(_tablejump2.o)
 .text.libgcc.fmul
                0x00000000        0x0 c:/program files (x86)/atmel/studio/7.0/toolchain/avr8/avr8-gnu-toolchain/bin/../lib/gcc/avr/5.4.0/avr25\libgcc.a(_tablejump2.o)
 .text.libgcc.fixed
                0x00000000        0x0 c:/program files (x86)/atmel/studio/7.0/toolchain/avr8/avr8-gnu-toolchain/bin/../lib/gcc/avr/5.4.0/avr25\libgcc.a(_tablejump2.o)
 .text          0x00000000        0x0 c:/program files (x86)/atmel/studio/7.0/toolchain/avr8/avr8-gnu-toolchain/bin/../lib/gcc/avr/5.4.0/../../../../avr/lib/avr25\libc.a(malloc.o)
 .data          0x00000000        0x6 c:/program files (x86)/atmel/studio/7.0/toolchain/avr8/avr8-gnu-toolchain/bin/../lib/gcc/avr/5.4.0/../../../../avr/lib/avr25\libc.a(malloc.o)
 .bss           0x00000000        0x0 c:/program files (x86)/atmel/studio/7.0/toolchain/avr8/avr8-gnu-toolchain/bin/../lib/gcc/avr/5.4.0/../../../../avr/lib/avr25\libc.a(malloc.o)
 .text.avr-libc
                0x00000000      0x242 c:/program files (x86)/atmel/studio/7.0/toolchain/avr8/avr8-gnu-toolchain/bin/../lib/gcc/avr/5.4.0/../../../../avr/lib/avr25\libc.a(malloc.o)
 .comment       0x00000000       0x31 c:/program files (x86)/atmel/studio/7.0/toolchain/avr8/avr8-gnu-toolchain/bin/../lib/gcc/avr/5.4.0/../../../../avr/lib/avr25\libc.a(malloc.o)
 COMMON         0x00000000        0x4 c:/program files (x86)/atmel/studio/7.0/toolchain/avr8/avr8-gnu-toolchain/bin/../lib/gcc/avr/5.4.0/../../../../avr/lib/avr25\libc.a(malloc.o)
 .text          0x00000000        0x0 c:/program files (x86)/atmel/studio/7.0/toolchain/avr8/avr8-gnu-toolchain/bin/../lib/gcc/avr/5.4.0/../../../../avr/lib/avr25\libc.a(strncpy.o)
 .data          0x00000000        0x0 c:/program files (x86)/atmel/studio/7.0/toolchain/avr8/avr8-gnu-toolchain/bin/../lib/gcc/avr/5.4.0/../../../../avr/lib/avr25\libc.a(strncpy.o)
 .bss           0x00000000        0x0 c:/program files (x86)/atmel/studio/7.0/toolchain/avr8/avr8-gnu-toolchain/bin/../lib/gcc/avr/5.4.0/../../../../avr/lib/avr25\libc.a(strncpy.o)

Memory Configuration

Name             Origin             Length             Attributes
text             0x00000000         0x00002000         xr
data             0x00800060         0x00000200         rw !x
eeprom           0x00810000         0x00000200         rw !x
fuse             0x00820000         0x00000003         rw !x
lock             0x00830000         0x00000400         rw !x
signature        0x00840000         0x00000400         rw !x
user_signatures  0x00850000         0x00000400         rw !x
*default*        0x00000000         0xffffffff

Linker script and memory map

LOAD C:/Program Files (x86)/Atmel/Studio/7.0/Packs/atmel/ATtiny_DFP/2.0.368/gcc/dev/attiny85/avr25/crtattiny85.o
LOAD driver_isr.o
LOAD main.o
LOAD source/driver_init.o
LOAD source/tmr1.o
LOAD stateMachine_OOP/Connection.o
LOAD stateMachine_OOP/State.o
LOAD stateMachine_OOP/StateMachine.o
LOAD stateMachine_OOP/Transaction.o
LOAD utility/GLOBAL.o
START GROUP
LOAD c:/program files (x86)/atmel/studio/7.0/toolchain/avr8/avr8-gnu-toolchain/bin/../lib/gcc/avr/5.4.0/../../../../avr/lib/avr25\libm.a
END GROUP
LOAD c:/program files (x86)/atmel/studio/7.0/toolchain/avr8/avr8-gnu-toolchain/bin/../lib/gcc/avr/5.4.0/avr25\libgcc.a
LOAD c:/program files (x86)/atmel/studio/7.0/toolchain/avr8/avr8-gnu-toolchain/bin/../lib/gcc/avr/5.4.0/../../../../avr/lib/avr25\libm.a
START GROUP
LOAD c:/program files (x86)/atmel/studio/7.0/toolchain/avr8/avr8-gnu-toolchain/bin/../lib/gcc/avr/5.4.0/avr25\libgcc.a
LOAD c:/program files (x86)/atmel/studio/7.0/toolchain/avr8/avr8-gnu-toolchain/bin/../lib/gcc/avr/5.4.0/../../../../avr/lib/avr25\libm.a
LOAD c:/program files (x86)/atmel/studio/7.0/toolchain/avr8/avr8-gnu-toolchain/bin/../lib/gcc/avr/5.4.0/../../../../avr/lib/avr25\libc.a
LOAD C:/Program Files (x86)/Atmel/Studio/7.0/Packs/atmel/ATtiny_DFP/2.0.368/gcc/dev/attiny85/avr25\libattiny85.a
END GROUP
                0x00000000                __TEXT_REGION_ORIGIN__ = DEFINED (__TEXT_REGION_ORIGIN__)?__TEXT_REGION_ORIGIN__:0x0
                [0x00800060]                __DATA_REGION_ORIGIN__ = DEFINED (__DATA_REGION_ORIGIN__)?__DATA_REGION_ORIGIN__:0x800060
                [0x00002000]                __TEXT_REGION_LENGTH__ = DEFINED (__TEXT_REGION_LENGTH__)?__TEXT_REGION_LENGTH__:0x2000
                [0x00000200]                __DATA_REGION_LENGTH__ = DEFINED (__DATA_REGION_LENGTH__)?__DATA_REGION_LENGTH__:0xffa0
                [0x00000200]                __EEPROM_REGION_LENGTH__ = DEFINED (__EEPROM_REGION_LENGTH__)?__EEPROM_REGION_LENGTH__:0x10000
                [0x00000003]                __FUSE_REGION_LENGTH__ = DEFINED (__FUSE_REGION_LENGTH__)?__FUSE_REGION_LENGTH__:0x400
                0x00000400                __LOCK_REGION_LENGTH__ = DEFINED (__LOCK_REGION_LENGTH__)?__LOCK_REGION_LENGTH__:0x400
                0x00000400                __SIGNATURE_REGION_LENGTH__ = DEFINED (__SIGNATURE_REGION_LENGTH__)?__SIGNATURE_REGION_LENGTH__:0x400
                0x00000400                __USER_SIGNATURE_REGION_LENGTH__ = DEFINED (__USER_SIGNATURE_REGION_LENGTH__)?__USER_SIGNATURE_REGION_LENGTH__:0x400

.hash
 *(.hash)

.dynsym
 *(.dynsym)

.dynstr
 *(.dynstr)

.gnu.version
 *(.gnu.version)

.gnu.version_d
 *(.gnu.version_d)

.gnu.version_r
 *(.gnu.version_r)

.rel.init
 *(.rel.init)

.rela.init
 *(.rela.init)

.rel.text
 *(.rel.text)
 *(.rel.text.*)
 *(.rel.gnu.linkonce.t*)

.rela.text
 *(.rela.text)
 *(.rela.text.*)
 *(.rela.gnu.linkonce.t*)

.rel.fini
 *(.rel.fini)

.rela.fini
 *(.rela.fini)

.rel.rodata
 *(.rel.rodata)
 *(.rel.rodata.*)
 *(.rel.gnu.linkonce.r*)

.rela.rodata
 *(.rela.rodata)
 *(.rela.rodata.*)
 *(.rela.gnu.linkonce.r*)

.rel.data
 *(.rel.data)
 *(.rel.data.*)
 *(.rel.gnu.linkonce.d*)

.rela.data
 *(.rela.data)
 *(.rela.data.*)
 *(.rela.gnu.linkonce.d*)

.rel.ctors
 *(.rel.ctors)

.rela.ctors
 *(.rela.ctors)

.rel.dtors
 *(.rel.dtors)

.rela.dtors
 *(.rela.dtors)

.rel.got
 *(.rel.got)

.rela.got
 *(.rela.got)

.rel.bss
 *(.rel.bss)

.rela.bss
 *(.rela.bss)

.rel.plt
 *(.rel.plt)

.rela.plt
 *(.rela.plt)

.text           0x00000000      0x5ba
 *(.vectors)
 .vectors       0x00000000       0x1e C:/Program Files (x86)/Atmel/Studio/7.0/Packs/atmel/ATtiny_DFP/2.0.368/gcc/dev/attiny85/avr25/crtattiny85.o
                0x00000000                __vector_default
                0x00000000                __vectors
 *(.vectors)
 *(.progmem.gcc*)
                0x0000001e                . = ALIGN (0x2)
                0x0000001e                __trampolines_start = .
 *(.trampolines)
 .trampolines   0x0000001e        0x0 linker stubs
 *(.trampolines*)
                0x0000001e                __trampolines_end = .
 *libprintf_flt.a:*(.progmem.data)
 *libc.a:*(.progmem.data)
 *(.progmem*)
                0x0000001e                . = ALIGN (0x2)
 *(.jumptables)
 *(.jumptables*)
 *(.lowtext)
 *(.lowtext*)
                0x0000001e                __ctors_start = .
 *(.ctors)
 .ctors         0x0000001e        0x2 main.o
                0x00000020                __ctors_end = .
                0x00000020                __dtors_start = .
 *(.dtors)
                0x00000020                __dtors_end = .
 SORT(*)(.ctors)
 SORT(*)(.dtors)
 *(.init0)
 .init0         0x00000020        0x0 C:/Program Files (x86)/Atmel/Studio/7.0/Packs/atmel/ATtiny_DFP/2.0.368/gcc/dev/attiny85/avr25/crtattiny85.o
                0x00000020                __init
 *(.init0)
 *(.init1)
 *(.init1)
 *(.init2)
 .init2         0x00000020        0xc C:/Program Files (x86)/Atmel/Studio/7.0/Packs/atmel/ATtiny_DFP/2.0.368/gcc/dev/attiny85/avr25/crtattiny85.o
 *(.init2)
 *(.init3)
 *(.init3)
 *(.init4)
 .init4         0x0000002c       0x16 c:/program files (x86)/atmel/studio/7.0/toolchain/avr8/avr8-gnu-toolchain/bin/../lib/gcc/avr/5.4.0/avr25\libgcc.a(_copy_data.o)
                0x0000002c                __do_copy_data
 .init4         0x00000042       0x10 c:/program files (x86)/atmel/studio/7.0/toolchain/avr8/avr8-gnu-toolchain/bin/../lib/gcc/avr/5.4.0/avr25\libgcc.a(_clear_bss.o)
                0x00000042                __do_clear_bss
 *(.init4)
 *(.init5)
 *(.init5)
 *(.init6)
 .init6         0x00000052       0x14 c:/program files (x86)/atmel/studio/7.0/toolchain/avr8/avr8-gnu-toolchain/bin/../lib/gcc/avr/5.4.0/avr25\libgcc.a(_ctors.o)
                0x00000052                __do_global_ctors
 *(.init6)
 *(.init7)
 *(.init7)
 *(.init8)
 *(.init8)
 *(.init9)
 .init9         0x00000066        0x4 C:/Program Files (x86)/Atmel/Studio/7.0/Packs/atmel/ATtiny_DFP/2.0.368/gcc/dev/attiny85/avr25/crtattiny85.o
 *(.init9)
 *(.text)
 .text          0x0000006a        0x2 C:/Program Files (x86)/Atmel/Studio/7.0/Packs/atmel/ATtiny_DFP/2.0.368/gcc/dev/attiny85/avr25/crtattiny85.o
                0x0000006a                __vector_1
                0x0000006a                __vector_12
                0x0000006a                __bad_interrupt
                0x0000006a                __vector_6
                0x0000006a                __vector_11
                0x0000006a                __vector_13
                0x0000006a                __vector_7
                0x0000006a                __vector_5
                0x0000006a                __vector_4
                0x0000006a                __vector_9
                0x0000006a                __vector_2
                0x0000006a                __vector_8
                0x0000006a                __vector_14
                0x0000006a                __vector_10
                0x0000006c                . = ALIGN (0x2)
 *(.text.*)
 .text.__vector_3
                0x0000006c       0x46 driver_isr.o
                0x0000006c                __vector_3
 .text._Z4in_0v
                0x000000b2       0x10 main.o
                0x000000b2                _Z4in_0v
 .text._Z4in_1v
                0x000000c2       0x10 main.o
                0x000000c2                _Z4in_1v
 .text._Z5out_1v
                0x000000d2        0x8 main.o
                0x000000d2                _Z5out_1v
 .text._Z4in_2v
                0x000000da       0x10 main.o
                0x000000da                _Z4in_2v
 .text._Z5out_2v
                0x000000ea        0x8 main.o
                0x000000ea                _Z5out_2v
 .text._Z4in_3v
                0x000000f2       0x10 main.o
                0x000000f2                _Z4in_3v
 .text._Z5out_3v
                0x00000102        0x8 main.o
                0x00000102                _Z5out_3v
 .text._Z17action0_tic_resetv
                0x0000010a        0xa main.o
                0x0000010a                _Z17action0_tic_resetv
 .text._Z17action1_tic_resetv
                0x00000114        0xa main.o
                0x00000114                _Z17action1_tic_resetv
 .text._Z41__static_initialization_and_destruction_0ii
                0x0000011e       0xbc main.o
 .text._Z14TMR1_Interruptv
                0x000001da       0x2c main.o
                0x000001da                _Z14TMR1_Interruptv
 .text._Z13stm_0_timeoutj
                0x00000206       0x16 main.o
                0x00000206                _Z13stm_0_timeoutj
 .text._Z11condition_0v
                0x0000021c        0x8 main.o
                0x0000021c                _Z11condition_0v
 .text._Z11condition_3v
                0x00000224        0x8 main.o
                0x00000224                _Z11condition_3v
 .text._Z13stm_1_timeoutj
                0x0000022c       0x16 main.o
                0x0000022c                _Z13stm_1_timeoutj
 .text._Z11condition_1v
                0x00000242        0x8 main.o
                0x00000242                _Z11condition_1v
 .text._Z11condition_2v
                0x0000024a        0x8 main.o
                0x0000024a                _Z11condition_2v
 .text.main     0x00000252      0x110 main.o
                0x00000252                main
 .text._GLOBAL__sub_I_stm_0_tic
                0x00000362        0xc main.o
 .text._Z19GPIO_initializationv
                0x0000036e       0x1a source/driver_init.o
                0x0000036e                _Z19GPIO_initializationv
 .text._Z22TIMER_1_initializationv
                0x00000388        0x4 source/driver_init.o
                0x00000388                _Z22TIMER_1_initializationv
 .text._Z11system_initv
                0x0000038c        0x6 source/driver_init.o
                0x0000038c                _Z11system_initv
 .text._Z9TMR1_Initv
                0x00000392       0x2c source/tmr1.o
                0x00000392                _Z9TMR1_Initv
 .text._Z10TMR1_Startv
                0x000003be        0x8 source/tmr1.o
                0x000003be                _Z10TMR1_Startv
 .text._ZN10ConnectionC2EP11TransactionP5State
                0x000003c6        0xc stateMachine_OOP/Connection.o
                0x000003c6                _ZN10ConnectionC2EP11TransactionP5State
                0x000003c6                _ZN10ConnectionC1EP11TransactionP5State
 .text._ZN5StateC2EPKc
                0x000003d2       0x24 stateMachine_OOP/State.o
                0x000003d2                _ZN5StateC2EPKc
                0x000003d2                _ZN5StateC1EPKc
 .text._ZN5State12set_functionEPFvvES1_
                0x000003f6        0xc stateMachine_OOP/State.o
                0x000003f6                _ZN5State12set_functionEPFvvES1_
 .text._ZN5State15set_connectionsEPP10Connectionj
                0x00000402        0xc stateMachine_OOP/State.o
                0x00000402                _ZN5State15set_connectionsEPP10Connectionj
 .text._ZN5State13set_upper_stmEP12StateMachine
                0x0000040e        0x8 stateMachine_OOP/State.o
                0x0000040e                _ZN5State13set_upper_stmEP12StateMachine
 .text._ZN5State13set_inner_stmEP12StateMachine
                0x00000416        0x8 stateMachine_OOP/State.o
                0x00000416                _ZN5State13set_inner_stmEP12StateMachine
 .text._ZN12StateMachineC2EP5State
                0x0000041e        0xc stateMachine_OOP/StateMachine.o
                0x0000041e                _ZN12StateMachineC2EP5State
                0x0000041e                _ZN12StateMachineC1EP5State
 .text._ZN12StateMachine5startEP5State
                0x0000042a       0x38 stateMachine_OOP/StateMachine.o
                0x0000042a                _ZN12StateMachine5startEP5State
 .text._ZN12StateMachine4stopEv
                0x00000462       0x1c stateMachine_OOP/StateMachine.o
                0x00000462                _ZN12StateMachine4stopEv
 .text._ZN12StateMachine11check_eventEv
                0x0000047e      0x102 stateMachine_OOP/StateMachine.o
                0x0000047e                _ZN12StateMachine11check_eventEv
 .text._ZN11TransactionC2EPFbvEPFvvE
                0x00000580        0xc stateMachine_OOP/Transaction.o
                0x00000580                _ZN11TransactionC2EPFbvEPFvvE
                0x00000580                _ZN11TransactionC1EPFbvEPFvvE
 .text.libgcc   0x0000058c        0xc c:/program files (x86)/atmel/studio/7.0/toolchain/avr8/avr8-gnu-toolchain/bin/../lib/gcc/avr/5.4.0/avr25\libgcc.a(_tablejump2.o)
                0x0000058c                __tablejump2__
 .text.avr-libc
                0x00000598       0x1e c:/program files (x86)/atmel/studio/7.0/toolchain/avr8/avr8-gnu-toolchain/bin/../lib/gcc/avr/5.4.0/../../../../avr/lib/avr25\libc.a(strncpy.o)
                0x00000598                strncpy
                0x000005b6                . = ALIGN (0x2)
 *(.fini9)
 .fini9         0x000005b6        0x0 c:/program files (x86)/atmel/studio/7.0/toolchain/avr8/avr8-gnu-toolchain/bin/../lib/gcc/avr/5.4.0/avr25\libgcc.a(_exit.o)
                0x000005b6                _exit
                0x000005b6                exit
 *(.fini9)
 *(.fini8)
 *(.fini8)
 *(.fini7)
 *(.fini7)
 *(.fini6)
 *(.fini6)
 *(.fini5)
 *(.fini5)
 *(.fini4)
 *(.fini4)
 *(.fini3)
 *(.fini3)
 *(.fini2)
 *(.fini2)
 *(.fini1)
 *(.fini1)
 *(.fini0)
 .fini0         0x000005b6        0x4 c:/program files (x86)/atmel/studio/7.0/toolchain/avr8/avr8-gnu-toolchain/bin/../lib/gcc/avr/5.4.0/avr25\libgcc.a(_exit.o)
 *(.fini0)
                0x000005ba                _etext = .

.data           0x00800060       0x20 load address 0x000005ba
                0x00800060                PROVIDE (__data_start, .)
 *(.data)
 *(.data*)
 *(.gnu.linkonce.d*)
 *(.rodata)
 *(.rodata*)
 .rodata.str1.1
                0x00800060       0x20 main.o
 *(.gnu.linkonce.r*)
                0x00800080                . = ALIGN (0x2)
                0x00800080                _edata = .
                0x00800080                PROVIDE (__data_end, .)

.bss            0x00800080       0x7d
                0x00800080                PROVIDE (__bss_start, .)
 *(.bss)
 *(.bss*)
 .bss.stm       0x00800080        0x8 main.o
                0x00800080                stm
 .bss.conn_of_state_3
                0x00800088        0x4 main.o
                0x00800088                conn_of_state_3
 .bss.conn_of_state_2
                0x0080008c        0x4 main.o
                0x0080008c                conn_of_state_2
 .bss.conn_of_state_1
                0x00800090        0x4 main.o
                0x00800090                conn_of_state_1
 .bss.conn_of_state_0
                0x00800094        0x4 main.o
                0x00800094                conn_of_state_0
 .bss.tr3       0x00800098        0x4 main.o
                0x00800098                tr3
 .bss.tr2       0x0080009c        0x4 main.o
                0x0080009c                tr2
 .bss.tr1       0x008000a0        0x4 main.o
                0x008000a0                tr1
 .bss.tr0       0x008000a4        0x4 main.o
                0x008000a4                tr0
 .bss.state_3   0x008000a8       0x14 main.o
                0x008000a8                state_3
 .bss.state_2   0x008000bc       0x14 main.o
                0x008000bc                state_2
 .bss.state_1   0x008000d0       0x14 main.o
                0x008000d0                state_1
 .bss.state_0   0x008000e4       0x14 main.o
                0x008000e4                state_0
 .bss.tic_flag  0x008000f8        0x1 main.o
                0x008000f8                tic_flag
 .bss.stm_1_tic
                0x008000f9        0x2 main.o
                0x008000f9                stm_1_tic
 .bss.stm_0_tic
                0x008000fb        0x2 main.o
                0x008000fb                stm_0_tic
 *(COMMON)
                0x008000fd                PROVIDE (__bss_end, .)
                0x000005ba                __data_load_start = LOADADDR (.data)
                0x000005da                __data_load_end = (__data_load_start + SIZEOF (.data))

.noinit         0x008000fd        0x0
                [!provide]                PROVIDE (__noinit_start, .)
 *(.noinit*)
                [!provide]                PROVIDE (__noinit_end, .)
                0x008000fd                _end = .
                0x008000fd                PROVIDE (__heap_start, .)

.eeprom         0x00810000        0x0
 *(.eeprom*)
                0x00810000                __eeprom_end = .

.fuse
 *(.fuse)
 *(.lfuse)
 *(.hfuse)
 *(.efuse)

.lock
 *(.lock*)

.signature
 *(.signature*)

.user_signatures
 *(.user_signatures*)

.stab
 *(.stab)

.stabstr
 *(.stabstr)

.stab.excl
 *(.stab.excl)

.stab.exclstr
 *(.stab.exclstr)

.stab.index
 *(.stab.index)

.stab.indexstr
 *(.stab.indexstr)

.comment        0x00000000       0x30
 *(.comment)
 .comment       0x00000000       0x30 driver_isr.o
                                 0x31 (size before relaxing)
 .comment       0x00000030       0x31 main.o
 .comment       0x00000030       0x31 source/driver_init.o
 .comment       0x00000030       0x31 source/tmr1.o
 .comment       0x00000030       0x31 stateMachine_OOP/Connection.o
 .comment       0x00000030       0x31 stateMachine_OOP/State.o
 .comment       0x00000030       0x31 stateMachine_OOP/StateMachine.o
 .comment       0x00000030       0x31 stateMachine_OOP/Transaction.o

.note.gnu.avr.deviceinfo
                0x00000000       0x3c
 .note.gnu.avr.deviceinfo
                0x00000000       0x3c C:/Program Files (x86)/Atmel/Studio/7.0/Packs/atmel/ATtiny_DFP/2.0.368/gcc/dev/attiny85/avr25/crtattiny85.o

.note.gnu.build-id
 *(.note.gnu.build-id)

.debug
 *(.debug)

.line
 *(.line)

.debug_srcinfo
 *(.debug_srcinfo)

.debug_sfnames
 *(.debug_sfnames)

.debug_aranges  0x00000000      0x1f0
 *(.debug_aranges)
 .debug_aranges
                0x00000000       0x20 driver_isr.o
 .debug_aranges
                0x00000020       0xb8 main.o
 .debug_aranges
                0x000000d8       0x30 source/driver_init.o
 .debug_aranges
                0x00000108       0x30 source/tmr1.o
 .debug_aranges
                0x00000138       0x20 stateMachine_OOP/Connection.o
 .debug_aranges
                0x00000158       0x40 stateMachine_OOP/State.o
 .debug_aranges
                0x00000198       0x38 stateMachine_OOP/StateMachine.o
 .debug_aranges
                0x000001d0       0x20 stateMachine_OOP/Transaction.o

.debug_pubnames
 *(.debug_pubnames)

.debug_info     0x00000000     0x2114
 *(.debug_info .gnu.linkonce.wi.*)
 .debug_info    0x00000000      0x420 C:/Program Files (x86)/Atmel/Studio/7.0/Packs/atmel/ATtiny_DFP/2.0.368/gcc/dev/attiny85/avr25/crtattiny85.o
 .debug_info    0x00000420       0x96 driver_isr.o
 .debug_info    0x000004b6      0xd87 main.o
 .debug_info    0x0000123d       0xe3 source/driver_init.o
 .debug_info    0x00001320       0xad source/tmr1.o
 .debug_info    0x000013cd      0x1b3 stateMachine_OOP/Connection.o
 .debug_info    0x00001580      0x4ee stateMachine_OOP/State.o
 .debug_info    0x00001a6e      0x54f stateMachine_OOP/StateMachine.o
 .debug_info    0x00001fbd      0x157 stateMachine_OOP/Transaction.o

.debug_abbrev   0x00000000      0xcd8
 *(.debug_abbrev)
 .debug_abbrev  0x00000000      0x3e8 C:/Program Files (x86)/Atmel/Studio/7.0/Packs/atmel/ATtiny_DFP/2.0.368/gcc/dev/attiny85/avr25/crtattiny85.o
 .debug_abbrev  0x000003e8       0x64 driver_isr.o
 .debug_abbrev  0x0000044c      0x211 main.o
 .debug_abbrev  0x0000065d       0x80 source/driver_init.o
 .debug_abbrev  0x000006dd       0x45 source/tmr1.o
 .debug_abbrev  0x00000722      0x103 stateMachine_OOP/Connection.o
 .debug_abbrev  0x00000825      0x1c9 stateMachine_OOP/State.o
 .debug_abbrev  0x000009ee      0x1f0 stateMachine_OOP/StateMachine.o
 .debug_abbrev  0x00000bde       0xfa stateMachine_OOP/Transaction.o

.debug_line     0x00000000      0xaa7
 *(.debug_line .debug_line.* .debug_line_end)
 .debug_line    0x00000000       0xf2 C:/Program Files (x86)/Atmel/Studio/7.0/Packs/atmel/ATtiny_DFP/2.0.368/gcc/dev/attiny85/avr25/crtattiny85.o
 .debug_line    0x000000f2       0x62 driver_isr.o
 .debug_line    0x00000154      0x3cd main.o
 .debug_line    0x00000521       0xa6 source/driver_init.o
 .debug_line    0x000005c7       0x9a source/tmr1.o
 .debug_line    0x00000661       0x75 stateMachine_OOP/Connection.o
 .debug_line    0x000006d6      0x153 stateMachine_OOP/State.o
 .debug_line    0x00000829      0x218 stateMachine_OOP/StateMachine.o
 .debug_line    0x00000a41       0x66 stateMachine_OOP/Transaction.o

.debug_frame    0x00000000      0x390
 *(.debug_frame)
 .debug_frame   0x00000000       0x6c driver_isr.o
 .debug_frame   0x0000006c      0x164 main.o
 .debug_frame   0x000001d0       0x44 source/driver_init.o
 .debug_frame   0x00000214       0x44 source/tmr1.o
 .debug_frame   0x00000258       0x24 stateMachine_OOP/Connection.o
 .debug_frame   0x0000027c       0x64 stateMachine_OOP/State.o
 .debug_frame   0x000002e0       0x8c stateMachine_OOP/StateMachine.o
 .debug_frame   0x0000036c       0x24 stateMachine_OOP/Transaction.o

.debug_str      0x00000000      0xac0
 *(.debug_str)
 .debug_str     0x00000000      0x169 C:/Program Files (x86)/Atmel/Studio/7.0/Packs/atmel/ATtiny_DFP/2.0.368/gcc/dev/attiny85/avr25/crtattiny85.o
 .debug_str     0x00000169      0x1db driver_isr.o
                                0x20f (size before relaxing)
 .debug_str     0x00000344      0x526 main.o
                                0x778 (size before relaxing)
 .debug_str     0x0000086a       0x92 source/driver_init.o
                                0x27c (size before relaxing)
 .debug_str     0x000008fc       0x13 source/tmr1.o
                                0x236 (size before relaxing)
 .debug_str     0x0000090f       0xcd stateMachine_OOP/Connection.o
                                0x2b5 (size before relaxing)
 .debug_str     0x000009dc       0x59 stateMachine_OOP/State.o
                                0x450 (size before relaxing)
 .debug_str     0x00000a35       0x49 stateMachine_OOP/StateMachine.o
                                0x4ef (size before relaxing)
 .debug_str     0x00000a7e       0x42 stateMachine_OOP/Transaction.o
                                0x264 (size before relaxing)

.debug_loc      0x00000000      0x3bb
 *(.debug_loc)
 .debug_loc     0x00000000       0xcb driver_isr.o
 .debug_loc     0x000000cb       0xdf main.o
 .debug_loc     0x000001aa       0x4c stateMachine_OOP/State.o
 .debug_loc     0x000001f6      0x1c5 stateMachine_OOP/StateMachine.o

.debug_macinfo
 *(.debug_macinfo)

.debug_weaknames
 *(.debug_weaknames)

.debug_funcnames
 *(.debug_funcnames)

.debug_typenames
 *(.debug_typenames)

.debug_varnames
 *(.debug_varnames)

.debug_pubtypes
 *(.debug_pubtypes)

.debug_ranges   0x00000000      0x170
 *(.debug_ranges)
 .debug_ranges  0x00000000       0x10 driver_isr.o
 .debug_ranges  0x00000010       0xa8 main.o
 .debug_ranges  0x000000b8       0x20 source/driver_init.o
 .debug_ranges  0x000000d8       0x20 source/tmr1.o
 .debug_ranges  0x000000f8       0x10 stateMachine_OOP/Connection.o
 .debug_ranges  0x00000108       0x30 stateMachine_OOP/State.o
 .debug_ranges  0x00000138       0x28 stateMachine_OOP/StateMachine.o
 .debug_ranges  0x00000160       0x10 stateMachine_OOP/Transaction.o

.debug_macro
 *(.debug_macro)
OUTPUT(tiny85_stm_VIRTUAL.elf elf32-avr)
LOAD linker stubs
